---
source: src/lib.rs
expression: lines
---
[
    [
        OpenedAbove,
    ],
    [
        OpenedBelow,
    ],
    [
        Empty,
    ],
    [
        Empty,
    ],
]
