---
source: src/lib.rs
expression: "ascii_print_compact::<false>(basket)"
---
               _______   ____               
              /       \ /    \              
             /         \      \             
            /  _   ___/ \   _  \            
           /  / \ /      \ / \  \           
          /  /   \        \   \  \          
        _/  /  _/ \   ___/ \_  \  \_        
       /   /  /    \ /       \  \   \       
      /   /  /      \         \  \   \      
     /   /  /   ___/ \______   \  \   \     
    /   /  /   /            \   \  \   \    
   /   (  /   (              )   \  )   \   
  /     \/     \____________/     \/     \  
 /                                        \ 
(                                          )
 \________________________________________/ 

