---
source: src/lib.rs
expression: ascii_print_compact(unknot)
---
    
 /\ 
<  >
 \/ 

