---
source: src/lib.rs
expression: ascii_print(donut)
---
           ________           
          /        \          
         /          \         
        /            \        
       /      /\      \       
      /      <  >      \      
   __/        \/        \__   
  /                        \  
 <                          > 
  \________________________/  
                              
                              

