---
source: src/lib.rs
expression: ascii_print_compact(trefoil)
---
    _________    
   /         \   
  <           >  
   \   ___   /   
    \ /   \ /    
     \     \     
  __/ \   / \__  
 /     \ /     \ 
<       /       >
 \_____/ \_____/ 

