---
source: src/lib.rs
expression: ascii_print(donut)
---
           _      
          / \     
         /   >    
        /   /     
       /   /      
      /   <       
   __/     \___   
  /            \  
 <              > 
  \____________/  

